// Jest Snapshot v1, https://goo.gl/fbAQLP

exports[`<FuelSavingsPage /> should match snapshot 1`] = `
<div>
  <h2>
    Fuel Savings Analysis
  </h2>
  <table>
    <tbody>
      <tr>
        <td>
          <label
            className="rc-label-d8671548 rc-c-input-label-74803a53"
            htmlFor="newMpg"
          >
            New Vehicle MPG
          </label>
        </td>
        <td>
          <div
            className="rc-view-4e841d98 rc-txt-3046ef84 rc-c-txt-74803a53 small"
          >
            <input
              autoComplete="off"
              autoFocus={undefined}
              className="rc-input-3046ef84 rc-c-txt__input-74803a53"
              data-test-id={undefined}
              defaultValue={undefined}
              dir="ltr"
              disabled={false}
              id="5a4b0f22-d4ca-47c3-ad01-c58116a53624"
              maxLength={undefined}
              name="newMpg"
              onBlur={undefined}
              onChange={[Function]}
              onClick={undefined}
              onFocus={undefined}
              onKeyDown={[Function]}
              onPaste={undefined}
              placeholder={undefined}
              tabIndex={undefined}
              type="text"
              value=""
            />
          </div>
        </td>
      </tr>
      <tr>
        <td>
          <label
            className="rc-label-d8671548 rc-c-input-label-74803a53"
            htmlFor="tradeMpg"
          >
            Trade-in MPG
          </label>
        </td>
        <td>
          <div
            className="rc-view-4e841d98 rc-txt-3046ef84 rc-c-txt-74803a53 small"
          >
            <input
              autoComplete="off"
              autoFocus={undefined}
              className="rc-input-3046ef84 rc-c-txt__input-74803a53"
              data-test-id={undefined}
              defaultValue={undefined}
              dir="ltr"
              disabled={false}
              id="e5a2fdff-0ab7-4af7-b79e-564ca9b0c203"
              maxLength={undefined}
              name="tradeMpg"
              onBlur={undefined}
              onChange={[Function]}
              onClick={undefined}
              onFocus={undefined}
              onKeyDown={[Function]}
              onPaste={undefined}
              placeholder={undefined}
              tabIndex={undefined}
              type="text"
              value=""
            />
          </div>
        </td>
      </tr>
      <tr>
        <td>
          <label
            className="rc-label-d8671548 rc-c-input-label-74803a53"
            htmlFor="newPpg"
          >
            New Vehicle price per gallon
          </label>
        </td>
        <td>
          <div
            className="rc-view-4e841d98 rc-txt-3046ef84 rc-c-txt-74803a53 small"
          >
            <input
              autoComplete="off"
              autoFocus={undefined}
              className="rc-input-3046ef84 rc-c-txt__input-74803a53"
              data-test-id={undefined}
              defaultValue={undefined}
              dir="ltr"
              disabled={false}
              id="bf4b3309-fb89-474f-9afa-3ecada499de5"
              maxLength={undefined}
              name="newPpg"
              onBlur={undefined}
              onChange={[Function]}
              onClick={undefined}
              onFocus={undefined}
              onKeyDown={[Function]}
              onPaste={undefined}
              placeholder={undefined}
              tabIndex={undefined}
              type="text"
              value=""
            />
          </div>
        </td>
      </tr>
      <tr>
        <td>
          <label
            className="rc-label-d8671548 rc-c-input-label-74803a53"
            htmlFor="tradePpg"
          >
            Trade-in price per gallon
          </label>
        </td>
        <td>
          <div
            className="rc-view-4e841d98 rc-txt-3046ef84 rc-c-txt-74803a53 small"
          >
            <input
              autoComplete="off"
              autoFocus={undefined}
              className="rc-input-3046ef84 rc-c-txt__input-74803a53"
              data-test-id={undefined}
              defaultValue={undefined}
              dir="ltr"
              disabled={false}
              id="788056eb-69fe-4a3e-8790-6d9d243aeb17"
              maxLength={undefined}
              name="tradePpg"
              onBlur={undefined}
              onChange={[Function]}
              onClick={undefined}
              onFocus={undefined}
              onKeyDown={[Function]}
              onPaste={undefined}
              placeholder={undefined}
              tabIndex={undefined}
              type="text"
              value=""
            />
          </div>
        </td>
      </tr>
      <tr>
        <td>
          <label
            className="rc-label-d8671548 rc-c-input-label-74803a53"
            htmlFor="milesDriven"
          >
            Miles Driven
          </label>
        </td>
        <td>
          <div
            className="rc-view-4e841d98 rc-txt-3046ef84 rc-c-txt-74803a53 small"
          >
            <input
              autoComplete="off"
              autoFocus={undefined}
              className="rc-input-3046ef84 rc-c-txt__input-74803a53"
              data-test-id={undefined}
              defaultValue={undefined}
              dir="ltr"
              disabled={false}
              id="ddc70286-7c0b-42bf-8b03-1183cbf4c3d4"
              maxLength={undefined}
              name="milesDriven"
              onBlur={undefined}
              onChange={[Function]}
              onClick={undefined}
              onFocus={undefined}
              onKeyDown={[Function]}
              onPaste={undefined}
              placeholder={undefined}
              tabIndex={undefined}
              type="text"
              value=""
            />
          </div>
          miles per
          <select
            name="milesDrivenTimeframe"
            onChange={[Function]}
            value="week"
          >
            <option
              value="week"
            >
              Week
            </option>
            <option
              value="month"
            >
              Month
            </option>
            <option
              value="year"
            >
              Year
            </option>
          </select>
        </td>
      </tr>
      <tr>
        <td>
          <label>
            Date Modified
          </label>
        </td>
        <td />
      </tr>
    </tbody>
  </table>
  <hr />
  <div
    autoFocus={undefined}
    className="rc-view-4e841d98 rc-type_default-40ad62c0 rc-c-btn-4c11b653"
    disabled={undefined}
    onBlur={[Function]}
    onClick={[Function]}
    onFocus={[Function]}
    onKeyDown={[Function]}
    onKeyUp={[Function]}
    onMouseDown={[Function]}
    role="button"
    tabIndex={0}
  >
    Save
  </div>
</div>
`;
